error: proc macro panicked
 --> src/test/should_panic/array_map_one_duplicate.rs:2:5
  |
2 |     macros::array_map!([("k", "v"), ("k", "v")])
  |     ^^^^^^^^^^^^^^^^^^^^^^^^^^^^^^^^^^^^^^^^^^^^
  |
  = help: message: Duplicate keys found: ["\"k\""]
