error: proc macro panicked
 --> src/test/should_panic/vec_map_one_duplicate.rs:2:5
  |
2 |     linear_collections_macros::vec_map![("k", "v"), ("k", "v")]
  |     ^^^^^^^^^^^^^^^^^^^^^^^^^^^^^^^^^^^^^^^^^^^^^^^^^^^^^^^^^^^
  |
  = help: message: Duplicate keys found: ["\"k\""]
