error: proc macro panicked
 --> src/test/should_panic/vec_map_empty.rs:2:5
  |
2 |     linear_collections_macros::vec_map![];
  |     ^^^^^^^^^^^^^^^^^^^^^^^^^^^^^^^^^^^^^
  |
  = help: message: Input may not be empty
